// Vitest Snapshot v1, https://vitest.dev/guide/snapshot.html

exports[`SubTitle > should display component 1`] = `
<body>
  <div>
    <h3
      class="my-4 border-b border-primary font-bold uppercase"
    >
      Test
    </h3>
  </div>
</body>
`;
