// Vitest Snapshot v1, https://vitest.dev/guide/snapshot.html

exports[`Text > should display component 1`] = `
<body>
  <div>
    <section
      class="mb-4 w-full border-b border-l border-base-300 p-1"
    >
      <h6
        class="label"
      >
        <span
          class="label-text font-semibold"
        >
          test label
        </span>
      </h6>
      <p
        class="w-full p-1"
      >
        test text
      </p>
    </section>
  </div>
</body>
`;
