// Vitest Snapshot v1, https://vitest.dev/guide/snapshot.html

exports[`Body > Body snapshot admin 1`] = `
<body>
  <div>
    <div
      class="drawer lg:drawer-open"
    >
      <input
        class="drawer-toggle"
        id="drawer"
        type="checkbox"
      />
      <div
        class="drawer-content flex h-screen flex-col"
      >
        <nav
          class="navbar absolute left-0 top-0 z-10 h-16 bg-primary text-primary-content shadow-md"
        >
          <div
            class="flex-none lg:hidden"
          >
            <label
              class="btn btn-square btn-ghost"
              for="drawer"
            >
              <svg
                class="inline-block h-6 w-6 stroke-current"
                color="currentColor"
                fill="none"
                height="1.5em"
                stroke-width="1.5"
                viewBox="0 0 24 24"
                width="1.5em"
                xmlns="http://www.w3.org/2000/svg"
              >
                <path
                  d="M3 5h18M3 12h18M3 19h18"
                  stroke="currentColor"
                  stroke-linecap="round"
                  stroke-linejoin="round"
                />
              </svg>
            </label>
          </div>
          <div
            class="flex-1"
          >
            <a
              class="btn btn-ghost text-xl normal-case"
              href="/admin/home"
            >
              <img
                alt="Logo"
                class="mr-4 w-16 rounded"
                src="/images/logo.png"
              />
              <span
                class="text-xl font-semibold tracking-tight"
              >
                Achievers WA
              </span>
              <span
                class="badge badge-lg ml-2"
              >
                local
              </span>
            </a>
          </div>
          <div
            class="dropdown dropdown-end hidden lg:block"
          >
            <div
              class="flex cursor-pointer items-center gap-2"
              tabindex="0"
            >
              <div
                class="font-semibold"
              />
              <label
                class="btn btn-circle btn-ghost"
              >
                <div
                  class="flex w-10 content-center justify-center rounded-full"
                >
                  <svg
                    color="currentColor"
                    fill="none"
                    height="1.5em"
                    stroke-width="1.5"
                    viewBox="0 0 24 24"
                    width="1.5em"
                    xmlns="http://www.w3.org/2000/svg"
                  >
                    <path
                      d="M12 2C6.477 2 2 6.477 2 12s4.477 10 10 10 10-4.477 10-10S17.523 2 12 2z"
                      stroke="currentColor"
                      stroke-linecap="round"
                      stroke-linejoin="round"
                    />
                    <path
                      d="M4.271 18.346S6.5 15.5 12 15.5s7.73 2.846 7.73 2.846M12 12a3 3 0 100-6 3 3 0 000 6z"
                      stroke="currentColor"
                      stroke-linecap="round"
                      stroke-linejoin="round"
                    />
                  </svg>
                </div>
              </label>
            </div>
            <ul
              class="dropdown-content menu rounded-box w-52 bg-base-100 p-2 shadow"
              tabindex="0"
            >
              <li>
                <a
                  class="font-semibold"
                  href="/logout"
                >
                  <svg
                    class="mr-2 w-6"
                    color="currentColor"
                    fill="none"
                    height="1.5em"
                    stroke-width="1.5"
                    viewBox="0 0 24 24"
                    width="1.5em"
                    xmlns="http://www.w3.org/2000/svg"
                  >
                    <path
                      d="M12 12h7m0 0l-3 3m3-3l-3-3M19 6V5a2 2 0 00-2-2H7a2 2 0 00-2 2v14a2 2 0 002 2h10a2 2 0 002-2v-1"
                      stroke="currentColor"
                      stroke-linecap="round"
                      stroke-linejoin="round"
                    />
                  </svg>
                  Logout
                </a>
              </li>
            </ul>
          </div>
        </nav>
        <main
          class="mt-16 flex h-full flex-col overflow-y-auto p-4"
        />
      </div>
      <div
        class="drawer-side pt-16"
      >
        <label
          class="drawer-overlay"
          for="drawer"
        />
        <ul
          class="menu h-full w-80 border-r border-primary bg-base-200 p-4 text-base-content"
        >
          <li>
            <a
              class="mb-2 justify-between rounded font-semibold"
              href="/admin/home"
            >
              <div
                class="flex items-center gap-4"
              >
                <svg
                  class="h-6 w-6"
                  color="currentColor"
                  fill="none"
                  height="1.5em"
                  stroke-width="1.5"
                  viewBox="0 0 24 24"
                  width="1.5em"
                  xmlns="http://www.w3.org/2000/svg"
                >
                  <path
                    d="M2 8l9.732-4.866a.6.6 0 01.536 0L22 8M20 11v8a2 2 0 01-2 2H6a2 2 0 01-2-2v-8"
                    stroke="currentColor"
                    stroke-linecap="round"
                    stroke-linejoin="round"
                  />
                </svg>
                Home
              </div>
              <svg
                class="h-6 w-6"
                color="currentColor"
                fill="none"
                height="1.5em"
                stroke-width="1.5"
                viewBox="0 0 24 24"
                width="1.5em"
                xmlns="http://www.w3.org/2000/svg"
              >
                <path
                  d="M9 6l6 6-6 6"
                  stroke="currentColor"
                  stroke-linecap="round"
                  stroke-linejoin="round"
                />
              </svg>
            </a>
          </li>
          <li>
            <a
              class="mb-2 justify-between rounded font-semibold"
              href="/admin/users"
            >
              <div
                class="flex items-center gap-4"
              >
                <svg
                  class="h-6 w-6"
                  color="currentColor"
                  fill="none"
                  height="1.5em"
                  stroke-width="1.5"
                  viewBox="0 0 24 24"
                  width="1.5em"
                  xmlns="http://www.w3.org/2000/svg"
                >
                  <path
                    d="M5 20v-1a7 7 0 017-7v0a7 7 0 017 7v1M12 12a4 4 0 100-8 4 4 0 000 8z"
                    stroke="currentColor"
                    stroke-linecap="round"
                    stroke-linejoin="round"
                  />
                </svg>
                Mentors
              </div>
              <svg
                class="h-6 w-6"
                color="currentColor"
                fill="none"
                height="1.5em"
                stroke-width="1.5"
                viewBox="0 0 24 24"
                width="1.5em"
                xmlns="http://www.w3.org/2000/svg"
              >
                <path
                  d="M9 6l6 6-6 6"
                  stroke="currentColor"
                  stroke-linecap="round"
                  stroke-linejoin="round"
                />
              </svg>
            </a>
          </li>
          <li>
            <a
              class="mb-2 justify-between rounded font-semibold"
              href="/admin/students"
            >
              <div
                class="flex items-center gap-4"
              >
                <svg
                  class="h-6 w-6"
                  color="currentColor"
                  fill="none"
                  height="1.5em"
                  stroke-width="1.5"
                  viewBox="0 0 24 24"
                  width="1.5em"
                  xmlns="http://www.w3.org/2000/svg"
                >
                  <path
                    d="M2.573 8.463l8.659-4.329a.6.6 0 01.536 0l8.659 4.33a.6.6 0 010 1.073l-8.659 4.329a.6.6 0 01-.536 0l-8.659-4.33a.6.6 0 010-1.073z"
                    stroke="currentColor"
                    stroke-linecap="round"
                    stroke-linejoin="round"
                  />
                  <path
                    d="M22.5 13V9.5l-2-1M4.5 10.5v5.412a2 2 0 001.142 1.807l5 2.374a2 2 0 001.716 0l5-2.374a2 2 0 001.142-1.807V10.5"
                    stroke="currentColor"
                    stroke-linecap="round"
                    stroke-linejoin="round"
                  />
                </svg>
                Students
              </div>
              <svg
                class="h-6 w-6"
                color="currentColor"
                fill="none"
                height="1.5em"
                stroke-width="1.5"
                viewBox="0 0 24 24"
                width="1.5em"
                xmlns="http://www.w3.org/2000/svg"
              >
                <path
                  d="M9 6l6 6-6 6"
                  stroke="currentColor"
                  stroke-linecap="round"
                  stroke-linejoin="round"
                />
              </svg>
            </a>
          </li>
          <li>
            <a
              class="mb-2 justify-between rounded font-semibold"
              href="/admin/chapters"
            >
              <div
                class="flex items-center gap-4"
              >
                <svg
                  class="h-6 w-6"
                  color="currentColor"
                  fill="none"
                  height="1.5em"
                  stroke-width="1.5"
                  viewBox="0 0 24 24"
                  width="1.5em"
                  xmlns="http://www.w3.org/2000/svg"
                >
                  <path
                    d="M20.485 3h-3.992l.5 5s1 1 2.5 1a3.23 3.23 0 002.139-.806.503.503 0 00.15-.465L21.076 3.5A.6.6 0 0020.485 3z"
                    stroke="currentColor"
                  />
                  <path
                    d="M16.493 3l.5 5s-1 1-2.5 1-2.5-1-2.5-1V3h4.5z"
                    stroke="currentColor"
                  />
                  <path
                    d="M11.993 3v5s-1 1-2.5 1-2.5-1-2.5-1l.5-5h4.5z"
                    stroke="currentColor"
                  />
                  <path
                    d="M7.493 3H3.502a.6.6 0 00-.592.501L2.205 7.73c-.029.172.02.349.15.465.328.29 1.061.806 2.138.806 1.5 0 2.5-1 2.5-1l.5-5z"
                    stroke="currentColor"
                  />
                  <path
                    d="M3 9v10a2 2 0 002 2h14a2 2 0 002-2V9"
                    stroke="currentColor"
                  />
                  <path
                    d="M14.833 21v-6a2 2 0 00-2-2h-2a2 2 0 00-2 2v6"
                    stroke="currentColor"
                    stroke-miterlimit="16"
                  />
                </svg>
                Chapters
              </div>
              <svg
                class="h-6 w-6"
                color="currentColor"
                fill="none"
                height="1.5em"
                stroke-width="1.5"
                viewBox="0 0 24 24"
                width="1.5em"
                xmlns="http://www.w3.org/2000/svg"
              >
                <path
                  d="M9 6l6 6-6 6"
                  stroke="currentColor"
                  stroke-linecap="round"
                  stroke-linejoin="round"
                />
              </svg>
            </a>
          </li>
          <li>
            <a
              class="mb-2 justify-between rounded font-semibold"
              href="/admin/roster"
            >
              <div
                class="flex items-center gap-4"
              >
                <svg
                  class="h-6 w-6"
                  color="currentColor"
                  fill="none"
                  height="1.5em"
                  stroke-width="1.5"
                  viewBox="0 0 24 24"
                  width="1.5em"
                  xmlns="http://www.w3.org/2000/svg"
                >
                  <path
                    d="M15 4V2m0 2v2m0-2h-4.5M3 10v9a2 2 0 002 2h14a2 2 0 002-2v-9H3zM3 10V6a2 2 0 012-2h2M7 2v4M21 10V6a2 2 0 00-2-2h-.5"
                    stroke="currentColor"
                    stroke-linecap="round"
                    stroke-linejoin="round"
                  />
                </svg>
                Roster
              </div>
              <svg
                class="h-6 w-6"
                color="currentColor"
                fill="none"
                height="1.5em"
                stroke-width="1.5"
                viewBox="0 0 24 24"
                width="1.5em"
                xmlns="http://www.w3.org/2000/svg"
              >
                <path
                  d="M9 6l6 6-6 6"
                  stroke="currentColor"
                  stroke-linecap="round"
                  stroke-linejoin="round"
                />
              </svg>
            </a>
          </li>
        </ul>
        <div
          class="absolute bottom-0 left-2 z-10 text-sm italic"
          data-testid="version"
        >
          Version 
          1
        </div>
      </div>
    </div>
  </div>
</body>
`;

exports[`Body > Body snapshot mentor 1`] = `
<body>
  <div>
    <div
      class="drawer lg:drawer-open"
    >
      <input
        class="drawer-toggle"
        id="drawer"
        type="checkbox"
      />
      <div
        class="drawer-content flex h-screen flex-col"
      >
        <nav
          class="navbar absolute left-0 top-0 z-10 h-16 bg-primary text-primary-content shadow-md"
        >
          <div
            class="flex-none lg:hidden"
          >
            <label
              class="btn btn-square btn-ghost"
              for="drawer"
            >
              <svg
                class="inline-block h-6 w-6 stroke-current"
                color="currentColor"
                fill="none"
                height="1.5em"
                stroke-width="1.5"
                viewBox="0 0 24 24"
                width="1.5em"
                xmlns="http://www.w3.org/2000/svg"
              >
                <path
                  d="M3 5h18M3 12h18M3 19h18"
                  stroke="currentColor"
                  stroke-linecap="round"
                  stroke-linejoin="round"
                />
              </svg>
            </label>
          </div>
          <div
            class="flex-1"
          >
            <a
              class="btn btn-ghost text-xl normal-case"
              href="/admin/home"
            >
              <img
                alt="Logo"
                class="mr-4 w-16 rounded"
                src="/images/logo.png"
              />
              <span
                class="text-xl font-semibold tracking-tight"
              >
                Achievers WA
              </span>
              <span
                class="badge badge-lg ml-2"
              >
                local
              </span>
            </a>
          </div>
          <div
            class="dropdown dropdown-end hidden lg:block"
          >
            <div
              class="flex cursor-pointer items-center gap-2"
              tabindex="0"
            >
              <div
                class="font-semibold"
              />
              <label
                class="btn btn-circle btn-ghost"
              >
                <div
                  class="flex w-10 content-center justify-center rounded-full"
                >
                  <svg
                    color="currentColor"
                    fill="none"
                    height="1.5em"
                    stroke-width="1.5"
                    viewBox="0 0 24 24"
                    width="1.5em"
                    xmlns="http://www.w3.org/2000/svg"
                  >
                    <path
                      d="M12 2C6.477 2 2 6.477 2 12s4.477 10 10 10 10-4.477 10-10S17.523 2 12 2z"
                      stroke="currentColor"
                      stroke-linecap="round"
                      stroke-linejoin="round"
                    />
                    <path
                      d="M4.271 18.346S6.5 15.5 12 15.5s7.73 2.846 7.73 2.846M12 12a3 3 0 100-6 3 3 0 000 6z"
                      stroke="currentColor"
                      stroke-linecap="round"
                      stroke-linejoin="round"
                    />
                  </svg>
                </div>
              </label>
            </div>
            <ul
              class="dropdown-content menu rounded-box w-52 bg-base-100 p-2 shadow"
              tabindex="0"
            >
              <li>
                <a
                  class="font-semibold"
                  href="/logout"
                >
                  <svg
                    class="mr-2 w-6"
                    color="currentColor"
                    fill="none"
                    height="1.5em"
                    stroke-width="1.5"
                    viewBox="0 0 24 24"
                    width="1.5em"
                    xmlns="http://www.w3.org/2000/svg"
                  >
                    <path
                      d="M12 12h7m0 0l-3 3m3-3l-3-3M19 6V5a2 2 0 00-2-2H7a2 2 0 00-2 2v14a2 2 0 002 2h10a2 2 0 002-2v-1"
                      stroke="currentColor"
                      stroke-linecap="round"
                      stroke-linejoin="round"
                    />
                  </svg>
                  Logout
                </a>
              </li>
            </ul>
          </div>
        </nav>
        <main
          class="mt-16 flex h-full flex-col overflow-y-auto p-4"
        />
      </div>
      <div
        class="drawer-side pt-16"
      >
        <label
          class="drawer-overlay"
          for="drawer"
        />
        <ul
          class="menu h-full w-80 border-r border-primary bg-base-200 p-4 text-base-content"
        >
          <li>
            <a
              class="mb-2 justify-between rounded font-semibold"
              href="/admin/home"
            >
              <div
                class="flex items-center gap-4"
              >
                <svg
                  class="h-6 w-6"
                  color="currentColor"
                  fill="none"
                  height="1.5em"
                  stroke-width="1.5"
                  viewBox="0 0 24 24"
                  width="1.5em"
                  xmlns="http://www.w3.org/2000/svg"
                >
                  <path
                    d="M2 8l9.732-4.866a.6.6 0 01.536 0L22 8M20 11v8a2 2 0 01-2 2H6a2 2 0 01-2-2v-8"
                    stroke="currentColor"
                    stroke-linecap="round"
                    stroke-linejoin="round"
                  />
                </svg>
                Home
              </div>
              <svg
                class="h-6 w-6"
                color="currentColor"
                fill="none"
                height="1.5em"
                stroke-width="1.5"
                viewBox="0 0 24 24"
                width="1.5em"
                xmlns="http://www.w3.org/2000/svg"
              >
                <path
                  d="M9 6l6 6-6 6"
                  stroke="currentColor"
                  stroke-linecap="round"
                  stroke-linejoin="round"
                />
              </svg>
            </a>
          </li>
          <li>
            <a
              class="mb-2 justify-between rounded font-semibold"
              href="/admin/users"
            >
              <div
                class="flex items-center gap-4"
              >
                <svg
                  class="h-6 w-6"
                  color="currentColor"
                  fill="none"
                  height="1.5em"
                  stroke-width="1.5"
                  viewBox="0 0 24 24"
                  width="1.5em"
                  xmlns="http://www.w3.org/2000/svg"
                >
                  <path
                    d="M5 20v-1a7 7 0 017-7v0a7 7 0 017 7v1M12 12a4 4 0 100-8 4 4 0 000 8z"
                    stroke="currentColor"
                    stroke-linecap="round"
                    stroke-linejoin="round"
                  />
                </svg>
                Mentors
              </div>
              <svg
                class="h-6 w-6"
                color="currentColor"
                fill="none"
                height="1.5em"
                stroke-width="1.5"
                viewBox="0 0 24 24"
                width="1.5em"
                xmlns="http://www.w3.org/2000/svg"
              >
                <path
                  d="M9 6l6 6-6 6"
                  stroke="currentColor"
                  stroke-linecap="round"
                  stroke-linejoin="round"
                />
              </svg>
            </a>
          </li>
          <li>
            <a
              class="mb-2 justify-between rounded font-semibold"
              href="/admin/students"
            >
              <div
                class="flex items-center gap-4"
              >
                <svg
                  class="h-6 w-6"
                  color="currentColor"
                  fill="none"
                  height="1.5em"
                  stroke-width="1.5"
                  viewBox="0 0 24 24"
                  width="1.5em"
                  xmlns="http://www.w3.org/2000/svg"
                >
                  <path
                    d="M2.573 8.463l8.659-4.329a.6.6 0 01.536 0l8.659 4.33a.6.6 0 010 1.073l-8.659 4.329a.6.6 0 01-.536 0l-8.659-4.33a.6.6 0 010-1.073z"
                    stroke="currentColor"
                    stroke-linecap="round"
                    stroke-linejoin="round"
                  />
                  <path
                    d="M22.5 13V9.5l-2-1M4.5 10.5v5.412a2 2 0 001.142 1.807l5 2.374a2 2 0 001.716 0l5-2.374a2 2 0 001.142-1.807V10.5"
                    stroke="currentColor"
                    stroke-linecap="round"
                    stroke-linejoin="round"
                  />
                </svg>
                Students
              </div>
              <svg
                class="h-6 w-6"
                color="currentColor"
                fill="none"
                height="1.5em"
                stroke-width="1.5"
                viewBox="0 0 24 24"
                width="1.5em"
                xmlns="http://www.w3.org/2000/svg"
              >
                <path
                  d="M9 6l6 6-6 6"
                  stroke="currentColor"
                  stroke-linecap="round"
                  stroke-linejoin="round"
                />
              </svg>
            </a>
          </li>
          <li>
            <a
              class="mb-2 justify-between rounded font-semibold"
              href="/admin/chapters"
            >
              <div
                class="flex items-center gap-4"
              >
                <svg
                  class="h-6 w-6"
                  color="currentColor"
                  fill="none"
                  height="1.5em"
                  stroke-width="1.5"
                  viewBox="0 0 24 24"
                  width="1.5em"
                  xmlns="http://www.w3.org/2000/svg"
                >
                  <path
                    d="M20.485 3h-3.992l.5 5s1 1 2.5 1a3.23 3.23 0 002.139-.806.503.503 0 00.15-.465L21.076 3.5A.6.6 0 0020.485 3z"
                    stroke="currentColor"
                  />
                  <path
                    d="M16.493 3l.5 5s-1 1-2.5 1-2.5-1-2.5-1V3h4.5z"
                    stroke="currentColor"
                  />
                  <path
                    d="M11.993 3v5s-1 1-2.5 1-2.5-1-2.5-1l.5-5h4.5z"
                    stroke="currentColor"
                  />
                  <path
                    d="M7.493 3H3.502a.6.6 0 00-.592.501L2.205 7.73c-.029.172.02.349.15.465.328.29 1.061.806 2.138.806 1.5 0 2.5-1 2.5-1l.5-5z"
                    stroke="currentColor"
                  />
                  <path
                    d="M3 9v10a2 2 0 002 2h14a2 2 0 002-2V9"
                    stroke="currentColor"
                  />
                  <path
                    d="M14.833 21v-6a2 2 0 00-2-2h-2a2 2 0 00-2 2v6"
                    stroke="currentColor"
                    stroke-miterlimit="16"
                  />
                </svg>
                Chapters
              </div>
              <svg
                class="h-6 w-6"
                color="currentColor"
                fill="none"
                height="1.5em"
                stroke-width="1.5"
                viewBox="0 0 24 24"
                width="1.5em"
                xmlns="http://www.w3.org/2000/svg"
              >
                <path
                  d="M9 6l6 6-6 6"
                  stroke="currentColor"
                  stroke-linecap="round"
                  stroke-linejoin="round"
                />
              </svg>
            </a>
          </li>
          <li>
            <a
              class="mb-2 justify-between rounded font-semibold"
              href="/admin/roster"
            >
              <div
                class="flex items-center gap-4"
              >
                <svg
                  class="h-6 w-6"
                  color="currentColor"
                  fill="none"
                  height="1.5em"
                  stroke-width="1.5"
                  viewBox="0 0 24 24"
                  width="1.5em"
                  xmlns="http://www.w3.org/2000/svg"
                >
                  <path
                    d="M15 4V2m0 2v2m0-2h-4.5M3 10v9a2 2 0 002 2h14a2 2 0 002-2v-9H3zM3 10V6a2 2 0 012-2h2M7 2v4M21 10V6a2 2 0 00-2-2h-.5"
                    stroke="currentColor"
                    stroke-linecap="round"
                    stroke-linejoin="round"
                  />
                </svg>
                Roster
              </div>
              <svg
                class="h-6 w-6"
                color="currentColor"
                fill="none"
                height="1.5em"
                stroke-width="1.5"
                viewBox="0 0 24 24"
                width="1.5em"
                xmlns="http://www.w3.org/2000/svg"
              >
                <path
                  d="M9 6l6 6-6 6"
                  stroke="currentColor"
                  stroke-linecap="round"
                  stroke-linejoin="round"
                />
              </svg>
            </a>
          </li>
        </ul>
        <div
          class="absolute bottom-0 left-2 z-10 text-sm italic"
          data-testid="version"
        >
          Version 
          1
        </div>
      </div>
    </div>
  </div>
</body>
`;
