// Vitest Snapshot v1, https://vitest.dev/guide/snapshot.html

exports[`Title > should display component 1`] = `
<body>
  <div>
    <h1
      class="mb-4 text-2xl font-bold uppercase"
    >
      Test
    </h1>
  </div>
</body>
`;
